(eval):1: no such file or directory: ./scripts/run-tests.sh
